#-----------------------------------------------------------
# Vivado v2022.2 (64-bit)
# SW Build 3671981 on Fri Oct 14 05:00:03 MDT 2022
# IP Build 3669848 on Fri Oct 14 08:30:02 MDT 2022
# Start of session at: Tue Apr  2 21:37:02 2024
# Process ID: 11296
# Current directory: E:/Verilog/Problema1_CV_PASSWORD_CHECK
# Command line: vivado.exe -gui_launcher_event rodinguilauncherevent7356 E:\Verilog\Problema1_CV_PASSWORD_CHECK\Problema1_CV_PASSWORD_CHECK.xpr
# Log file: E:/Verilog/Problema1_CV_PASSWORD_CHECK/vivado.log
# Journal file: E:/Verilog/Problema1_CV_PASSWORD_CHECK\vivado.jou
# Running On: DESKTOP-NHVLCUB, OS: Windows, CPU Frequency: 3000 MHz, CPU Physical cores: 4, Host memory: 12825 MB
#-----------------------------------------------------------
start_gui
open_project E:/Verilog/Problema1_CV_PASSWORD_CHECK/Problema1_CV_PASSWORD_CHECK.xpr
update_compile_order -fileset sources_1
launch_simulation
source SIM.tcl
close_sim
close_project
create_project project_1 E:/Verilog/project_1 -part xc7vx485tffg1157-1
file mkdir E:/Verilog/project_1/project_1.srcs/sources_1/new
close [ open E:/Verilog/project_1/project_1.srcs/sources_1/new/lut.v w ]
add_files E:/Verilog/project_1/project_1.srcs/sources_1/new/lut.v
update_compile_order -fileset sources_1
synth_design -rtl -rtl_skip_mlo -name rtl_1
refresh_design
